dharund@DharunDs-MacBook-Pro ~ % az login 
A web browser has been opened at https://login.microsoftonline.com/organizations/oauth2/v2.0/authorize. Please continue the login in the web browser. If no web browser is available or if the web browser fails to open, use device code flow with `az login --use-device-code`.

Retrieving tenants and subscriptions for the selection...
The following tenants don't contain accessible subscriptions. Use `az login --allow-no-subscriptions` to have tenant level access.
7f7268a4-7179-4a42-9837-40255b1c21e5 'Presidio Network Solutions'
6c4e0f67-00c8-475b-b1d4-cf723426db0b 'Pyramid Consulting, Inc.'

[Tenant and subscription selection]

No     Subscription name    Subscription ID                       Tenant
-----  -------------------  ------------------------------------  ----------------------------
[1] *  AppDev - Training    fff309a9-2887-407d-b64d-e074e3d92e5b  Presidio Networked Solutions

The default is marked with an *; the default tenant is 'Presidio Networked Solutions' and subscription is 'AppDev - Training' (fff309a9-2887-407d-b64d-e074e3d92e5b).

Select a subscription and tenant (Type a number or Enter for no changes): 1

Tenant: Presidio Networked Solutions
Subscription: AppDev - Training (fff309a9-2887-407d-b64d-e074e3d92e5b)

[Announcements]
With the new Azure CLI login experience, you can select the subscription you want to use more easily. Learn more about it and its configuration at https://go.microsoft.com/fwlink/?linkid=2271236

If you encounter any problem, please open an issue at https://aka.ms/azclibug

[Warning] The login output has been updated. Please be aware that it no longer displays the full list of available subscriptions by default.

dharund@DharunDs-MacBook-Pro ~ % ACR_NAME=dharuncontainerregistry
dharund@DharunDs-MacBook-Pro ~ % az acr create --resource-group genspark-dharun --name $ACR_NAME --sku Premium
{
  "adminUserEnabled": false,
  "anonymousPullEnabled": false,
  "autoGeneratedDomainNameLabelScope": "Unsecure",
  "creationDate": "2025-07-17T04:29:51.297167+00:00",
  "dataEndpointEnabled": false,
  "dataEndpointHostNames": [],
  "encryption": {
    "keyVaultProperties": null,
    "status": "disabled"
  },
  "id": "/subscriptions/fff309a9-2887-407d-b64d-e074e3d92e5b/resourceGroups/genspark-dharun/providers/Microsoft.ContainerRegistry/registries/dharuncontainerregistry",
  "identity": null,
  "location": "eastus",
  "loginServer": "dharuncontainerregistry.azurecr.io",
  "metadataSearch": "Disabled",
  "name": "dharuncontainerregistry",
  "networkRuleBypassOptions": "AzureServices",
  "networkRuleSet": {
    "defaultAction": "Allow",
    "ipRules": []
  },
  "policies": {
    "azureAdAuthenticationAsArmPolicy": {
      "status": "enabled"
    },
    "exportPolicy": {
      "status": "enabled"
    },
    "quarantinePolicy": {
      "status": "disabled"
    },
    "retentionPolicy": {
      "days": 7,
      "lastUpdatedTime": "2025-07-17T04:29:58.337512+00:00",
      "status": "disabled"
    },
    "softDeletePolicy": {
      "lastUpdatedTime": "2025-07-17T04:29:58.337549+00:00",
      "retentionDays": 7,
      "status": "disabled"
    },
    "trustPolicy": {
      "status": "disabled",
      "type": "Notary"
    }
  },
  "privateEndpointConnections": [],
  "provisioningState": "Succeeded",
  "publicNetworkAccess": "Enabled",
  "resourceGroup": "genspark-dharun",
  "roleAssignmentMode": "LegacyRegistryPermissions",
  "sku": {
    "name": "Premium",
    "tier": "Premium"
  },
  "status": null,
  "systemData": {
    "createdAt": "2025-07-17T04:29:51.297167+00:00",
    "createdBy": "dharund@presidio.com",
    "createdByType": "User",
    "lastModifiedAt": "2025-07-17T04:29:51.297167+00:00",
    "lastModifiedBy": "dharund@presidio.com",
    "lastModifiedByType": "User"
  },
  "tags": {},
  "type": "Microsoft.ContainerRegistry/registries",
  "zoneRedundancy": "Disabled"
}
dharund@DharunDs-MacBook-Pro ~ % code Dockerfile
zsh: command not found: code
dharund@DharunDs-MacBook-Pro ~ % 







/dev/fd/13:18: command not found: compdef
dharund@DharunDs-MacBook-Pro July17 % az acr build --registry $ACR_NAME --image helloacrtasks:v1 .
argument --registry/-r: expected one argument

Examples from AI knowledge base:
az acr build --image sample/hello-world:{{.Run.ID}} --registry MyRegistry .
Queue a local context as a Linux build, tag it, and push it to the registry.

az acr build --registry MyRegistry --file Windows.Dockerfile --platform windows https://github.com/Azure/acr-builder.git
Queue a remote GitHub context as a Windows build, tag it, and push it to the registry.

az acr list --resource-group MyResourceGroup --output table
List container registries in a resource group and show the results in a table.

https://docs.microsoft.com/en-US/cli/azure/acr#az_acr_build
Read more about the command in reference docs
dharund@DharunDs-MacBook-Pro July17 % az acr list --resource-group genspark-dharun --output tab
le
NAME                     RESOURCE GROUP    LOCATION    SKU      LOGIN SERVER                        CREATION DATE         ADMIN ENABLED
-----------------------  ----------------  ----------  -------  ----------------------------------  --------------------  ---------------
dharuncontainerregistry  genspark-dharun   eastus      Premium  dharuncontainerregistry.azurecr.io  2025-07-17T04:29:51Z  False
dharund@DharunDs-MacBook-Pro July17 % az acr list repository-list  dharuncontainerregistry --output table
unrecognized arguments: repository-list dharuncontainerregistry

Examples from AI knowledge base:
az acr list --output table
List container registries and show the results in a table, across multiple resource groups.

az acr list --resource-group MyResourceGroup --output table
List container registries in a resource group and show the results in a table.

az acr repository list --name MyRegistry
List repositories in a given Azure Container Registry.

https://docs.microsoft.com/en-US/cli/azure/acr#az_acr_list
Read more about the command in reference docs
dharund@DharunDs-MacBook-Pro July17 % az acr list repository list --name dharuncontainerregistry --output table
unrecognized arguments: repository list --name dharuncontainerregistry

Examples from AI knowledge base:
az acr list --output table
List container registries and show the results in a table, across multiple resource groups.

az acr list --resource-group MyResourceGroup --output table
List container registries in a resource group and show the results in a table.

az acr repository list --name MyRegistry
List repositories in a given Azure Container Registry.

https://docs.microsoft.com/en-US/cli/azure/acr#az_acr_list
Read more about the command in reference docs
dharund@DharunDs-MacBook-Pro July17 % az acr repository list --name dharuncontainerregistry --output table

dharund@DharunDs-MacBook-Pro July17 % az acr build --registry dharuncontainerregistry --image helloacrtasks:v1 .
Packing source code into tar to upload...
Uploading archived source code from '/var/folders/1l/t5ky81hs4jj6h19s6rs3jh700000gn/T/build_archive_6467c220e1db44c0be4009f8885427e1.tar.gz'...
Sending context (497.000 Bytes) to registry: dharuncontainerregistry...
Queued a build with ID: ca1
Waiting for an agent...
2025/07/17 04:42:11 Downloading source code...
2025/07/17 04:42:12 Finished downloading source code
2025/07/17 04:42:12 Using acb_vol_ebfe5bd6-0154-4f04-8599-4f925a0f2b21 as the home volume
2025/07/17 04:42:12 Setting up Docker configuration...
2025/07/17 04:42:13 Successfully set up Docker configuration
2025/07/17 04:42:13 Logging in to registry: dharuncontainerregistry.azurecr.io
2025/07/17 04:42:13 Successfully logged into dharuncontainerregistry.azurecr.io
2025/07/17 04:42:13 Executing step ID: build. Timeout(sec): 28800, Working directory: '', Network: ''
2025/07/17 04:42:13 Scanning for dependencies...
2025/07/17 04:42:14 Successfully scanned dependencies
2025/07/17 04:42:14 Launching container with name: build
Sending build context to Docker daemon  3.072kB
Step 1/6 : FROM    node:9-alpine
9-alpine: Pulling from library/node
a073c86ecf9e: Pulling fs layer
0e28711eb56d: Pulling fs layer
e460dd483fdd: Pulling fs layer
e460dd483fdd: Verifying Checksum
e460dd483fdd: Download complete
a073c86ecf9e: Verifying Checksum
a073c86ecf9e: Download complete
0e28711eb56d: Verifying Checksum
0e28711eb56d: Download complete
a073c86ecf9e: Pull complete
0e28711eb56d: Pull complete
e460dd483fdd: Pull complete
Digest: sha256:8dafc0968fb4d62834d9b826d85a8feecc69bd72cd51723c62c7db67c6dec6fa
Status: Downloaded newer image for node:9-alpine
 ---> a56170f59699
Step 2/6 : ADD     https://raw.githubusercontent.com/Azure-Samples/acr-build-helloworld-node/master/package.json /

 ---> 07be925a16cb
Step 3/6 : ADD     https://raw.githubusercontent.com/Azure-Samples/acr-build-helloworld-node/master/server.js /

 ---> b5dea0d991e0
Step 4/6 : RUN     npm install
 ---> Running in 7c346b1a64f6
npm notice created a lockfile as package-lock.json. You should commit this file.
npm WARN helloworld@1.0.0 No repository field.

up to date in 0.045s
Removing intermediate container 7c346b1a64f6
 ---> fe7a342fe478
Step 5/6 : EXPOSE  80
 ---> Running in 829c6cf13555
Removing intermediate container 829c6cf13555
 ---> 08dc9b58dd5d
Step 6/6 : CMD     ["node", "server.js"]
 ---> Running in 2ed65bad03e6
Removing intermediate container 2ed65bad03e6
 ---> 8aa3d8d3231c
Successfully built 8aa3d8d3231c
Successfully tagged dharuncontainerregistry.azurecr.io/helloacrtasks:v1
2025/07/17 04:42:21 Successfully executed container: build
2025/07/17 04:42:21 Executing step ID: push. Timeout(sec): 3600, Working directory: '', Network: ''
2025/07/17 04:42:21 Pushing image: dharuncontainerregistry.azurecr.io/helloacrtasks:v1, attempt 1
The push refers to repository [dharuncontainerregistry.azurecr.io/helloacrtasks]
d30cec7a68bc: Preparing
105fab5e99d4: Preparing
51978827661c: Preparing
172ed8ca5e43: Preparing
8c9992f4e5dd: Preparing
8dfad2055603: Preparing
8dfad2055603: Waiting
105fab5e99d4: Pushed
d30cec7a68bc: Pushed
51978827661c: Pushed
172ed8ca5e43: Pushed
8dfad2055603: Pushed
8c9992f4e5dd: Pushed
v1: digest: sha256:215f9971ccd793b63e5ecc3a09dcc45a0fd56e661a924b4a439a1cdc48b711a3 size: 1572
2025/07/17 04:42:25 Successfully pushed image: dharuncontainerregistry.azurecr.io/helloacrtasks:v1
2025/07/17 04:42:25 Step ID: build marked as successful (elapsed time in seconds: 7.520068)
2025/07/17 04:42:25 Populating digests for step ID: build...
2025/07/17 04:42:26 Successfully populated digests for step ID: build
2025/07/17 04:42:26 Step ID: push marked as successful (elapsed time in seconds: 4.692107)
2025/07/17 04:42:26 The following dependencies were found:
2025/07/17 04:42:26 
- image:
    registry: dharuncontainerregistry.azurecr.io
    repository: helloacrtasks
    tag: v1
    digest: sha256:215f9971ccd793b63e5ecc3a09dcc45a0fd56e661a924b4a439a1cdc48b711a3
  runtime-dependency:
    registry: registry.hub.docker.com
    repository: library/node
    tag: 9-alpine
    digest: sha256:8dafc0968fb4d62834d9b826d85a8feecc69bd72cd51723c62c7db67c6dec6fa
  git: {}


Run ID: ca1 was successful after 15s
dharund@DharunDs-MacBook-Pro July17 % az acr repository list --name dharuncontainerregistry --output table
Result
-------------
helloacrtasks
dharund@DharunDs-MacBook-Pro July17 % az acr update -n dharuncontainerregistry --admin-enabled 
true
{
  "adminUserEnabled": true,
  "anonymousPullEnabled": false,
  "autoGeneratedDomainNameLabelScope": "Unsecure",
  "creationDate": "2025-07-17T04:29:51.297167+00:00",
  "dataEndpointEnabled": false,
  "dataEndpointHostNames": [],
  "encryption": {
    "keyVaultProperties": null,
    "status": "disabled"
  },
  "id": "/subscriptions/fff309a9-2887-407d-b64d-e074e3d92e5b/resourceGroups/genspark-dharun/providers/Microsoft.ContainerRegistry/registries/dharuncontainerregistry",
  "identity": null,
  "location": "eastus",
  "loginServer": "dharuncontainerregistry.azurecr.io",
  "metadataSearch": "Disabled",
  "name": "dharuncontainerregistry",
  "networkRuleBypassOptions": "AzureServices",
  "networkRuleSet": {
    "defaultAction": "Allow",
    "ipRules": []
  },
  "policies": {
    "azureAdAuthenticationAsArmPolicy": {
      "status": "enabled"
    },
    "exportPolicy": {
      "status": "enabled"
    },
    "quarantinePolicy": {
      "status": "disabled"
    },
    "retentionPolicy": {
      "days": 7,
      "lastUpdatedTime": "2025-07-17T04:29:58.337512+00:00",
      "status": "disabled"
    },
    "softDeletePolicy": {
      "lastUpdatedTime": "2025-07-17T04:29:58.337549+00:00",
      "retentionDays": 7,
      "status": "disabled"
    },
    "trustPolicy": {
      "status": "disabled",
      "type": "Notary"
    }
  },
  "privateEndpointConnections": [],
  "provisioningState": "Succeeded",
  "publicNetworkAccess": "Enabled",
  "resourceGroup": "genspark-dharun",
  "roleAssignmentMode": "LegacyRegistryPermissions",
  "sku": {
    "name": "Premium",
    "tier": "Premium"
  },
  "status": null,
  "systemData": {
    "createdAt": "2025-07-17T04:29:51.297167+00:00",
    "createdBy": "dharund@presidio.com",
    "createdByType": "User",
    "lastModifiedAt": "2025-07-17T04:45:22.497886+00:00",
    "lastModifiedBy": "dharund@presidio.com",
    "lastModifiedByType": "User"
  },
  "tags": {},
  "type": "Microsoft.ContainerRegistry/registries",
  "zoneRedundancy": "Disabled"
}
dharund@DharunDs-MacBook-Pro July17 % az acr credential show --name dharuncontainerregistry
{
  "passwords": [
    {
      "name": "password",
      "value": "2qdaVeSXR9ck8Lf3Qm8uT2kv3EPoWv03QoIGaJdPZs+ACRAq/g4M"
    },
    {
      "name": "password2",
      "value": "t269W4dDG1BEH+DcvUJw0y6bShREhG/ADDtCa61gKP+ACRD4ZArF"
    }
  ],
  "username": "dharuncontainerregistry"
}
dharund@DharunDs-MacBook-Pro July17 % az container create --resource-group genspark-dharun --name acr-tasks --image dharuncontainerregistry.azurecr.io/helloacrtasks:v1 --registry-login-server dharuncontainerregistry.azurecr.io --ip-address Public --location eastus --registry-username dharuncontainerregistry --registry-password 2qdaVeSXR9ck8Lf3Qm8uT2kv3EPoWv03QoIGaJdPZs+ACRAq/g4M --os-type Linux --cpu 1 --memory 1
{
  "confidentialComputeProperties": null,
  "containerGroupProfile": null,
  "containers": [
    {
      "command": null,
      "configMap": {
        "keyValuePairs": {}
      },
      "environmentVariables": [],
      "image": "dharuncontainerregistry.azurecr.io/helloacrtasks:v1",
      "instanceView": {
        "currentState": {
          "detailStatus": "",
          "exitCode": null,
          "finishTime": null,
          "startTime": "2025-07-17T04:51:24.648000+00:00",
          "state": "Running"
        },
        "events": [
          {
            "count": 1,
            "firstTimestamp": "2025-07-17T04:51:11+00:00",
            "lastTimestamp": "2025-07-17T04:51:11+00:00",
            "message": "pulling image \"dharuncontainerregistry.azurecr.io/helloacrtasks@sha256:215f9971ccd793b63e5ecc3a09dcc45a0fd56e661a924b4a439a1cdc48b711a3\"",
            "name": "Pulling",
            "type": "Normal"
          },
          {
            "count": 1,
            "firstTimestamp": "2025-07-17T04:51:15+00:00",
            "lastTimestamp": "2025-07-17T04:51:15+00:00",
            "message": "Successfully pulled image \"dharuncontainerregistry.azurecr.io/helloacrtasks@sha256:215f9971ccd793b63e5ecc3a09dcc45a0fd56e661a924b4a439a1cdc48b711a3\"",
            "name": "Pulled",
            "type": "Normal"
          },
          {
            "count": 1,
            "firstTimestamp": "2025-07-17T04:51:24+00:00",
            "lastTimestamp": "2025-07-17T04:51:24+00:00",
            "message": "Started container",
            "name": "Started",
            "type": "Normal"
          }
        ],
        "previousState": null,
        "restartCount": 0
      },
      "livenessProbe": null,
      "name": "acr-tasks",
      "ports": [
        {
          "port": 80,
          "protocol": "TCP"
        }
      ],
      "readinessProbe": null,
      "resources": {
        "limits": null,
        "requests": {
          "cpu": 1.0,
          "gpu": null,
          "memoryInGb": 1.0
        }
      },
      "securityContext": null,
      "volumeMounts": null
    }
  ],
  "diagnostics": null,
  "dnsConfig": null,
  "encryptionProperties": null,
  "extensions": null,
  "id": "/subscriptions/fff309a9-2887-407d-b64d-e074e3d92e5b/resourceGroups/genspark-dharun/providers/Microsoft.ContainerInstance/containerGroups/acr-tasks",
  "identity": null,
  "imageRegistryCredentials": [
    {
      "identity": null,
      "identityUrl": null,
      "isDelegatedIdentity": false,
      "password": null,
      "server": "dharuncontainerregistry.azurecr.io",
      "username": "dharuncontainerregistry"
    }
  ],
  "initContainers": [],
  "instanceView": {
    "events": [],
    "state": "Running"
  },
  "ipAddress": {
    "autoGeneratedDomainNameLabelScope": null,
    "dnsNameLabel": null,
    "fqdn": null,
    "ip": "20.242.182.213",
    "ports": [
      {
        "port": 80,
        "protocol": "TCP"
      }
    ],
    "type": "Public"
  },
  "isCreatedFromStandbyPool": false,
  "location": "eastus",
  "name": "acr-tasks",
  "osType": "Linux",
  "priority": null,
  "provisioningState": "Succeeded",
  "resourceGroup": "genspark-dharun",
  "restartPolicy": null,
  "sku": "Standard",
  "standbyPoolProfile": null,
  "subnetIds": null,
  "tags": {},
  "type": "Microsoft.ContainerInstance/containerGroups",
  "volumes": null,
  "zones": null
}
dharund@DharunDs-MacBook-Pro July17 % az container show --resource-group genspark-dharun --name acr-tasks --query ipAddress.ip --output table
Result
--------------
20.242.182.213
dharund@DharunDs-MacBook-Pro July17 % az acr replication create --registry dharuncontainerregistry --location westus
(RequestDisallowedByPolicy) Resource 'westus' was disallowed by policy. Reasons: 'This resource must be compliant with the assigned policy.'. See error details for policy resource IDs.
Code: RequestDisallowedByPolicy
Message: Resource 'westus' was disallowed by policy. Reasons: 'This resource must be compliant with the assigned policy.'. See error details for policy resource IDs.
Target: westus
Additional Information:Type: PolicyViolation
Info: {
    "evaluationDetails": {
        "evaluatedExpressions": [
            {
                "result": "True",
                "expressionKind": "Field",
                "expression": "location",
                "path": "location",
                "expressionValue": "westus",
                "targetValue": [
                    "eastus",
                    "eastus2",
                    "westus2"
                ],
                "operator": "NotIn"
            },
            {
                "result": "True",
                "expressionKind": "Field",
                "expression": "location",
                "path": "location",
                "expressionValue": "westus",
                "targetValue": "global",
                "operator": "NotEquals"
            },
            {
                "result": "True",
                "expressionKind": "Field",
                "expression": "type",
                "path": "type",
                "expressionValue": "Microsoft.ContainerRegistry/registries/replications",
                "targetValue": "Microsoft.AzureActiveDirectory/b2cDirectories",
                "operator": "NotEquals"
            }
        ],
        "reason": "This resource must be compliant with the assigned policy."
    },
    "policyDefinitionId": "/providers/Microsoft.Authorization/policyDefinitions/e56962a6-4747-49cd-b67b-bf8b01975c4c",
    "policyDefinitionName": "e56962a6-4747-49cd-b67b-bf8b01975c4c",
    "policyDefinitionDisplayName": "Allowed locations",
    "policyDefinitionVersion": "1.0.0",
    "policyDefinitionEffect": "deny",
    "policyAssignmentId": "/providers/Microsoft.Management/managementGroups/appdev/providers/Microsoft.Authorization/policyAssignments/Allowed-Locations",
    "policyAssignmentName": "Allowed-Locations",
    "policyAssignmentDisplayName": "Allowed locations",
    "policyAssignmentScope": "/providers/Microsoft.Management/managementGroups/appdev",
    "policyAssignmentParameters": {
        "listOfAllowedLocations": [
            "eastus",
            "eastus2",
            "westus2"
        ]
    },
    "policyExemptionIds": [],
    "policyEnrollmentIds": []
}
dharund@DharunDs-MacBook-Pro July17 % az acr replication create --registry dharuncontainerregistry --location japaneast
(RequestDisallowedByPolicy) Resource 'japaneast' was disallowed by policy. Reasons: 'This resource must be compliant with the assigned policy.'. See error details for policy resource IDs.
Code: RequestDisallowedByPolicy
Message: Resource 'japaneast' was disallowed by policy. Reasons: 'This resource must be compliant with the assigned policy.'. See error details for policy resource IDs.
Target: japaneast
Additional Information:Type: PolicyViolation
Info: {
    "evaluationDetails": {
        "evaluatedExpressions": [
            {
                "result": "True",
                "expressionKind": "Field",
                "expression": "location",
                "path": "location",
                "expressionValue": "japaneast",
                "targetValue": [
                    "eastus",
                    "eastus2",
                    "westus2"
                ],
                "operator": "NotIn"
            },
            {
                "result": "True",
                "expressionKind": "Field",
                "expression": "location",
                "path": "location",
                "expressionValue": "japaneast",
                "targetValue": "global",
                "operator": "NotEquals"
            },
            {
                "result": "True",
                "expressionKind": "Field",
                "expression": "type",
                "path": "type",
                "expressionValue": "Microsoft.ContainerRegistry/registries/replications",
                "targetValue": "Microsoft.AzureActiveDirectory/b2cDirectories",
                "operator": "NotEquals"
            }
        ],
        "reason": "This resource must be compliant with the assigned policy."
    },
    "policyDefinitionId": "/providers/Microsoft.Authorization/policyDefinitions/e56962a6-4747-49cd-b67b-bf8b01975c4c",
    "policyDefinitionName": "e56962a6-4747-49cd-b67b-bf8b01975c4c",
    "policyDefinitionDisplayName": "Allowed locations",
    "policyDefinitionVersion": "1.0.0",
    "policyDefinitionEffect": "deny",
    "policyAssignmentId": "/providers/Microsoft.Management/managementGroups/appdev/providers/Microsoft.Authorization/policyAssignments/Allowed-Locations",
    "policyAssignmentName": "Allowed-Locations",
    "policyAssignmentDisplayName": "Allowed locations",
    "policyAssignmentScope": "/providers/Microsoft.Management/managementGroups/appdev",
    "policyAssignmentParameters": {
        "listOfAllowedLocations": [
            "eastus",
            "eastus2",
            "westus2"
        ]
    },
    "policyExemptionIds": [],
    "policyEnrollmentIds": []
}
dharund@DharunDs-MacBook-Pro July17 % az acr replication create --registry dharuncontainerregistry --location eastus2
{
  "id": "/subscriptions/fff309a9-2887-407d-b64d-e074e3d92e5b/resourceGroups/genspark-dharun/providers/Microsoft.ContainerRegistry/registries/dharuncontainerregistry/replications/eastus2",
  "location": "eastus2",
  "name": "eastus2",
  "provisioningState": "Succeeded",
  "regionEndpointEnabled": true,
  "resourceGroup": "genspark-dharun",
  "status": {
    "displayStatus": "Ready",
    "message": null,
    "timestamp": "2025-07-17T04:58:50.126234+00:00"
  },
  "systemData": {
    "createdAt": "2025-07-17T04:58:35.134126+00:00",
    "createdBy": "dharund@presidio.com",
    "createdByType": "User",
    "lastModifiedAt": "2025-07-17T04:58:35.134126+00:00",
    "lastModifiedBy": "dharund@presidio.com",
    "lastModifiedByType": "User"
  },
  "tags": {},
  "type": "Microsoft.ContainerRegistry/registries/replications",
  "zoneRedundancy": "Disabled"
}
dharund@DharunDs-MacBook-Pro July17 % az acr replication list --registry dharuncontainerregistry --output table
NAME     LOCATION    PROVISIONING STATE    STATUS    REGION ENDPOINT ENABLED
-------  ----------  --------------------  --------  -------------------------
eastus2  eastus2     Succeeded             Ready     True
eastus   eastus      Succeeded             Ready     True
dharund@DharunDs-MacBook-Pro July17 % az acr replication list --registry dharuncontainerregistry --output table
NAME     LOCATION    PROVISIONING STATE    STATUS    REGION ENDPOINT ENABLED
-------  ----------  --------------------  --------  -------------------------
eastus2  eastus2     Succeeded             Ready     True
eastus   eastus      Succeeded             Ready     True
dharund@DharunDs-MacBook-Pro July17 % 